// Jest Snapshot v1, https://goo.gl/fbAQLP

exports[`babel resolveBabelConfig 1`] = `
Object {
  "plugins": Array [
    Array [
      "/@babel/plugin-transform-typescript/lib/index.js",
      Object {
        "allowDeclareFields": true,
      },
    ],
    Array [
      "/babel-plugin-macros/dist/index.js",
      Object {
        "twin": Object {
          "preset": "styled-components",
        },
      },
    ],
    Array [
      "/babel-plugin-import/lib/index.js",
      Object {
        "libraryDirectory": "es",
        "libraryName": "antd",
        "style": true,
      },
      "import-antd",
    ],
    Array [
      "/babel-plugin-lodash/lib/index.js",
      Object {
        "id": Array [
          "lodash",
          "ramda",
        ],
      },
    ],
    Array [
      "/@babel/plugin-proposal-decorators/lib/index.js",
      Object {
        "legacy": true,
      },
    ],
    Array [
      "/@babel/plugin-proposal-class-properties/lib/index.js",
      Object {
        "loose": true,
      },
    ],
    Array [
      "/@babel/plugin-proposal-private-methods/lib/index.js",
      Object {
        "loose": true,
      },
    ],
    Array [
      "/@babel/plugin-proposal-private-property-in-object/lib/index.js",
      Object {
        "loose": true,
      },
    ],
    Array [
      "/@babel/plugin-proposal-object-rest-spread/lib/index.js",
      Object {
        "useBuiltIns": true,
      },
    ],
    Array [
      "/@babel/plugin-transform-runtime/lib/index.js",
      Object {
        "corejs": false,
        "helpers": false,
        "regenerator": true,
        "useESModules": false,
        "version": "7.16.0",
      },
    ],
    Array [
      "/babel-plugin-transform-react-remove-prop-types/lib/index.js",
      Object {
        "removeImport": true,
      },
    ],
    Array [
      "/@babel/plugin-proposal-function-bind/lib/index.js",
    ],
    Array [
      "/@babel/plugin-proposal-export-default-from/lib/index.js",
    ],
    Array [
      "/@babel/plugin-proposal-export-namespace-from/lib/index.js",
    ],
    Array [
      "/@babel/plugin-proposal-optional-chaining/lib/index.js",
    ],
    Array [
      "/@babel/plugin-proposal-numeric-separator/lib/index.js",
    ],
    Array [
      "/@babel/plugin-proposal-pipeline-operator/lib/index.js",
      Object {
        "proposal": "minimal",
      },
    ],
    Array [
      "/@babel/plugin-proposal-partial-application/lib/index.js",
    ],
    Array [
      "/@babel/plugin-proposal-nullish-coalescing-operator/lib/index.js",
    ],
    Array [
      "/babel-plugin-styled-components/lib/index.js",
      Object {},
      "styled-components",
    ],
    Array [
      "/babel-plugin-transform-inline-environment-variables/lib/index.js",
      Object {
        "include": Array [],
      },
    ],
    Array [
      "/babel-plugin-module-resolver/lib/index.js",
      Object {
        "alias": Object {
          "@/*": Array [
            "./src/*",
          ],
        },
        "extensions": Array [
          ".ts",
          ".tsx",
          ".js",
          ".jsx",
          ".es",
          ".es6",
          ".mjs",
        ],
        "resolvePath": [Function],
        "root": "/packages/server/utils/tests/fixtures/",
      },
    ],
    Array [
      "/babel-plugin-transform-typescript-metadata/lib/plugin.js",
    ],
  ],
  "presets": Array [
    Array [
      "/@babel/preset-env/lib/index.js",
      Object {
        "bugfixes": true,
        "modules": "commonjs",
        "shippedProposals": false,
        "targets": Array [
          "chrome > 61",
          "edge > 16",
          "firefox > 60",
          "safari > 11",
          "ios_saf > 11",
        ],
      },
    ],
    Array [
      "/@babel/preset-react/lib/index.js",
      Object {
        "runtime": "automatic",
      },
    ],
    Array [
      "/@babel/preset-typescript/lib/index.js",
      Object {
        "allowDeclareFields": true,
        "allowNamespaces": true,
      },
    ],
  ],
}
`;
